******************************************************************************
                  TI ARM Linker PC v18.1.3                     
******************************************************************************
>> Linked Wed Oct 24 11:39:45 2018

OUTPUT FILE NAME:   <UART Further Testing.out>
ENTRY POINT SYMBOL: "_c_int00_noinit_noargs"  address: 0000076d


MEMORY CONFIGURATION

         name            origin    length      used     unused   attr    fill
----------------------  --------  ---------  --------  --------  ----  --------
  FLASH                 00000000   00040000  000009d2  0003f62e  R  X
  SRAM                  20000000   00008000  00000200  00007e00  RW X


SEGMENT ALLOCATION MAP

run origin  load origin   length   init length attrs members
----------  ----------- ---------- ----------- ----- -------
00000000    00000000    000009d4   000009d4    r-x
  00000000    00000000    0000026c   0000026c    r-- .intvecs
  0000026c    0000026c    000005fa   000005fa    r-x .text
  00000868    00000868    0000016c   0000016c    r-- .const
20000000    20000000    00000200   00000000    rw-
  20000000    20000000    00000200   00000000    rw- .stack


SECTION ALLOCATION MAP

 output                                  attributes/
section   page    origin      length       input sections
--------  ----  ----------  ----------   ----------------
.intvecs   0    00000000    0000026c     
                  00000000    0000026c     tm4c123gh6pm_startup_ccs.obj (.intvecs)

.text      0    0000026c    000005fa     
                  0000026c    00000132     driverlib.lib : gpio.obj (.text:GPIOPadConfigSet)
                  0000039e    00000002     --HOLE-- [fill = 0]
                  000003a0    00000110                   : sysctl.obj (.text:SysCtlClockGet)
                  000004b0    000000f4                   : sysctl.obj (.text:SysCtlClockSet)
                  000005a4    0000009c     main.obj (.text)
                  00000640    00000068     driverlib.lib : interrupt.obj (.text:IntEnable)
                  000006a8    00000048                   : gpio.obj (.text:GPIOPinConfigure)
                  000006f0    00000046                   : uart.obj (.text:UARTConfigSetExpClk)
                  00000736    00000002     --HOLE-- [fill = 0]
                  00000738    00000034                   : sysctl.obj (.text:SysCtlPeripheralEnable)
                  0000076c    00000030     rtsv7M4_T_le_v4SPD16_eabi.lib : boot_cortex_m.c.obj (.text:_c_int00_noinit_noargs:_c_int00_noinit_noargs)
                  0000079c    0000002a     driverlib.lib : gpio.obj (.text:GPIODirModeSet)
                  000007c6    00000002     --HOLE-- [fill = 0]
                  000007c8    00000020                   : uart.obj (.text:UARTDisable)
                  000007e8    00000014                   : uart.obj (.text:UARTEnable)
                  000007fc    00000012                   : gpio.obj (.text:GPIOPinTypeUART)
                  0000080e    0000000e                   : uart.obj (.text:UARTCharsAvail)
                  0000081c    0000000c     tm4c123gh6pm_startup_ccs.obj (.text)
                  00000828    0000000a     driverlib.lib : uart.obj (.text:UARTCharGet)
                  00000832    0000000a                   : uart.obj (.text:UARTCharPut)
                  0000083c    0000000a                   : uart.obj (.text:UARTFIFODisable)
                  00000846    00000008                   : uart.obj (.text:UARTIntEnable)
                  0000084e    00000006                   : sysctl.obj (.text:SysCtlDelay)
                  00000854    00000006                   : uart.obj (.text:UARTFIFOLevelSet)
                  0000085a    00000004                   : uart.obj (.text:UARTIntClear)
                  0000085e    00000004     rtsv7M4_T_le_v4SPD16_eabi.lib : pre_init.c.obj (.text:_system_pre_init)
                  00000862    00000004                                   : exit.c.obj (.text:abort:abort)

.const     0    00000868    0000016c     
                  00000868    00000090     driverlib.lib : gpio.obj (.const:g_pui32GPIOBaseAddrs)
                  000008f8    00000070                   : interrupt.obj (.const)
                  00000968    0000006c                   : sysctl.obj (.const:g_pui32Xtals)

.cinit     0    00000000    00000000     UNINITIALIZED

.init_array 
*          0    00000000    00000000     UNINITIALIZED

.stack     0    20000000    00000200     UNINITIALIZED
                  20000000    00000004     rtsv7M4_T_le_v4SPD16_eabi.lib : boot_cortex_m.c.obj (.stack)
                  20000004    000001fc     --HOLE--

MODULE SUMMARY

       Module                         code   ro data   rw data
       ------                         ----   -------   -------
    .\
       tm4c123gh6pm_startup_ccs.obj   12     620       0      
       main.obj                       156    0         0      
    +--+------------------------------+------+---------+---------+
       Total:                         168    620       0      
                                                              
    C:/ti/TivaWare_C_Series-2.1.4.178/driverlib/ccs/Debug/driverlib.lib
       sysctl.obj                     574    108       0      
       gpio.obj                       438    144       0      
       interrupt.obj                  104    112       0      
       uart.obj                       184    0         0      
    +--+------------------------------+------+---------+---------+
       Total:                         1300   364       0      
                                                              
    C:\ti\ccsv8\tools\compiler\ti-cgt-arm_18.1.3.LTS\lib\rtsv7M4_T_le_v4SPD16_eabi.lib
       boot_cortex_m.c.obj            48     0         0      
       exit.c.obj                     4      0         0      
       pre_init.c.obj                 4      0         0      
    +--+------------------------------+------+---------+---------+
       Total:                         56     0         0      
                                                              
       Stack:                         0      0         512    
    +--+------------------------------+------+---------+---------+
       Grand Total:                   1524   984       512    


GLOBAL SYMBOLS: SORTED ALPHABETICALLY BY Name 

address   name                  
-------   ----                  
00000863  C$$EXIT               
0000079d  GPIODirModeSet        
0000026d  GPIOPadConfigSet      
000006a9  GPIOPinConfigure      
000007fd  GPIOPinTypeUART       
00000641  IntEnable             
0000081d  ResetISR              
000003a1  SysCtlClockGet        
000004b1  SysCtlClockSet        
0000084f  SysCtlDelay           
00000739  SysCtlPeripheralEnable
00000829  UARTCharGet           
00000833  UARTCharPut           
0000080f  UARTCharsAvail        
000006f1  UARTConfigSetExpClk   
000007c9  UARTDisable           
000007e9  UARTEnable            
0000083d  UARTFIFODisable       
00000855  UARTFIFOLevelSet      
0000085b  UARTIntClear          
00000847  UARTIntEnable         
00000609  UARTIntHandler        
20000200  __STACK_END           
00000200  __STACK_SIZE          
20000200  __STACK_TOP           
ffffffff  __TI_pprof_out_hndl   
ffffffff  __TI_prof_data_size   
ffffffff  __TI_prof_data_start  
00000000  __TI_static_base__    
ffffffff  __binit__             
ffffffff  __c_args__            
UNDEFED   __mpu_init            
20000000  __stack               
0000076d  _c_int00_noinit_noargs
0000085f  _system_pre_init      
00000863  abort                 
ffffffff  binit                 
00000000  g_pfnVectors          
000005a5  main                  


GLOBAL SYMBOLS: SORTED BY Symbol Address 

address   name                  
-------   ----                  
00000000  __TI_static_base__    
00000000  g_pfnVectors          
00000200  __STACK_SIZE          
0000026d  GPIOPadConfigSet      
000003a1  SysCtlClockGet        
000004b1  SysCtlClockSet        
000005a5  main                  
00000609  UARTIntHandler        
00000641  IntEnable             
000006a9  GPIOPinConfigure      
000006f1  UARTConfigSetExpClk   
00000739  SysCtlPeripheralEnable
0000076d  _c_int00_noinit_noargs
0000079d  GPIODirModeSet        
000007c9  UARTDisable           
000007e9  UARTEnable            
000007fd  GPIOPinTypeUART       
0000080f  UARTCharsAvail        
0000081d  ResetISR              
00000829  UARTCharGet           
00000833  UARTCharPut           
0000083d  UARTFIFODisable       
00000847  UARTIntEnable         
0000084f  SysCtlDelay           
00000855  UARTFIFOLevelSet      
0000085b  UARTIntClear          
0000085f  _system_pre_init      
00000863  C$$EXIT               
00000863  abort                 
20000000  __stack               
20000200  __STACK_END           
20000200  __STACK_TOP           
ffffffff  __TI_pprof_out_hndl   
ffffffff  __TI_prof_data_size   
ffffffff  __TI_prof_data_start  
ffffffff  __binit__             
ffffffff  __c_args__            
ffffffff  binit                 
UNDEFED   __mpu_init            

[39 symbols]
