******************************************************************************
                  TI ARM Linker PC v18.1.3                     
******************************************************************************
>> Linked Wed Oct 24 15:29:13 2018

OUTPUT FILE NAME:   <UART Further Testing.out>
ENTRY POINT SYMBOL: "_c_int00_noinit_noargs"  address: 000008d5


MEMORY CONFIGURATION

         name            origin    length      used     unused   attr    fill
----------------------  --------  ---------  --------  --------  ----  --------
  FLASH                 00000000   00040000  00000b30  0003f4d0  R  X
  SRAM                  20000000   00008000  00000200  00007e00  RW X


SEGMENT ALLOCATION MAP

run origin  load origin   length   init length attrs members
----------  ----------- ---------- ----------- ----- -------
00000000    00000000    00000b30   00000b30    r-x
  00000000    00000000    0000026c   0000026c    r-- .intvecs
  0000026c    0000026c    00000758   00000758    r-x .text
  000009c4    000009c4    0000016c   0000016c    r-- .const
20000000    20000000    00000200   00000000    rw-
  20000000    20000000    00000200   00000000    rw- .stack


SECTION ALLOCATION MAP

 output                                  attributes/
section   page    origin      length       input sections
--------  ----  ----------  ----------   ----------------
.intvecs   0    00000000    0000026c     
                  00000000    0000026c     tm4c123gh6pm_startup_ccs.obj (.intvecs)

.text      0    0000026c    00000758     
                  0000026c    00000204     main.obj (.text)
                  00000470    00000132     driverlib.lib : gpio.obj (.text:GPIOPadConfigSet)
                  000005a2    00000002     --HOLE-- [fill = 0]
                  000005a4    00000110                   : sysctl.obj (.text:SysCtlClockGet)
                  000006b4    000000f4                   : sysctl.obj (.text:SysCtlClockSet)
                  000007a8    00000068                   : interrupt.obj (.text:IntEnable)
                  00000810    00000048                   : gpio.obj (.text:GPIOPinConfigure)
                  00000858    00000046                   : uart.obj (.text:UARTConfigSetExpClk)
                  0000089e    00000002     --HOLE-- [fill = 0]
                  000008a0    00000034                   : sysctl.obj (.text:SysCtlPeripheralEnable)
                  000008d4    00000030     rtsv7M4_T_le_v4SPD16_eabi.lib : boot_cortex_m.c.obj (.text:_c_int00_noinit_noargs:_c_int00_noinit_noargs)
                  00000904    0000002a     driverlib.lib : gpio.obj (.text:GPIODirModeSet)
                  0000092e    00000002     --HOLE-- [fill = 0]
                  00000930    00000020                   : uart.obj (.text:UARTDisable)
                  00000950    00000014                   : uart.obj (.text:UARTEnable)
                  00000964    00000012                   : gpio.obj (.text:GPIOPinTypeUART)
                  00000976    0000000e                   : uart.obj (.text:UARTCharsAvail)
                  00000984    0000000c     tm4c123gh6pm_startup_ccs.obj (.text)
                  00000990    0000000a     driverlib.lib : uart.obj (.text:UARTCharGet)
                  0000099a    0000000a                   : uart.obj (.text:UARTCharPut)
                  000009a4    00000008                   : uart.obj (.text:UARTIntEnable)
                  000009ac    00000006                   : sysctl.obj (.text:SysCtlDelay)
                  000009b2    00000006                   : uart.obj (.text:UARTFIFOLevelSet)
                  000009b8    00000004                   : uart.obj (.text:UARTIntClear)
                  000009bc    00000004     rtsv7M4_T_le_v4SPD16_eabi.lib : pre_init.c.obj (.text:_system_pre_init)
                  000009c0    00000004                                   : exit.c.obj (.text:abort:abort)

.const     0    000009c4    0000016c     
                  000009c4    00000090     driverlib.lib : gpio.obj (.const:g_pui32GPIOBaseAddrs)
                  00000a54    00000070                   : interrupt.obj (.const)
                  00000ac4    0000006c                   : sysctl.obj (.const:g_pui32Xtals)

.cinit     0    00000000    00000000     UNINITIALIZED

.init_array 
*          0    00000000    00000000     UNINITIALIZED

.stack     0    20000000    00000200     UNINITIALIZED
                  20000000    00000004     rtsv7M4_T_le_v4SPD16_eabi.lib : boot_cortex_m.c.obj (.stack)
                  20000004    000001fc     --HOLE--

MODULE SUMMARY

       Module                         code   ro data   rw data
       ------                         ----   -------   -------
    .\
       tm4c123gh6pm_startup_ccs.obj   12     620       0      
       main.obj                       516    0         0      
    +--+------------------------------+------+---------+---------+
       Total:                         528    620       0      
                                                              
    C:/ti/TivaWare_C_Series-2.1.4.178/driverlib/ccs/Debug/driverlib.lib
       sysctl.obj                     574    108       0      
       gpio.obj                       438    144       0      
       interrupt.obj                  104    112       0      
       uart.obj                       174    0         0      
    +--+------------------------------+------+---------+---------+
       Total:                         1290   364       0      
                                                              
    C:\ti\ccsv8\tools\compiler\ti-cgt-arm_18.1.3.LTS\lib\rtsv7M4_T_le_v4SPD16_eabi.lib
       boot_cortex_m.c.obj            48     0         0      
       exit.c.obj                     4      0         0      
       pre_init.c.obj                 4      0         0      
    +--+------------------------------+------+---------+---------+
       Total:                         56     0         0      
                                                              
       Stack:                         0      0         512    
    +--+------------------------------+------+---------+---------+
       Grand Total:                   1874   984       512    


GLOBAL SYMBOLS: SORTED ALPHABETICALLY BY Name 

address   name                  
-------   ----                  
000009c1  C$$EXIT               
00000905  GPIODirModeSet        
00000471  GPIOPadConfigSet      
00000811  GPIOPinConfigure      
00000965  GPIOPinTypeUART       
000007a9  IntEnable             
00000985  ResetISR              
000005a5  SysCtlClockGet        
000006b5  SysCtlClockSet        
000009ad  SysCtlDelay           
000008a1  SysCtlPeripheralEnable
00000991  UARTCharGet           
0000099b  UARTCharPut           
00000977  UARTCharsAvail        
00000859  UARTConfigSetExpClk   
00000931  UARTDisable           
00000951  UARTEnable            
000009b3  UARTFIFOLevelSet      
000009b9  UARTIntClear          
000009a5  UARTIntEnable         
00000417  UARTIntHandler        
20000200  __STACK_END           
00000200  __STACK_SIZE          
20000200  __STACK_TOP           
ffffffff  __TI_pprof_out_hndl   
ffffffff  __TI_prof_data_size   
ffffffff  __TI_prof_data_start  
00000000  __TI_static_base__    
ffffffff  __binit__             
ffffffff  __c_args__            
UNDEFED   __mpu_init            
20000000  __stack               
000008d5  _c_int00_noinit_noargs
000009bd  _system_pre_init      
000009c1  abort                 
ffffffff  binit                 
00000000  g_pfnVectors          
0000026d  main                  


GLOBAL SYMBOLS: SORTED BY Symbol Address 

address   name                  
-------   ----                  
00000000  __TI_static_base__    
00000000  g_pfnVectors          
00000200  __STACK_SIZE          
0000026d  main                  
00000417  UARTIntHandler        
00000471  GPIOPadConfigSet      
000005a5  SysCtlClockGet        
000006b5  SysCtlClockSet        
000007a9  IntEnable             
00000811  GPIOPinConfigure      
00000859  UARTConfigSetExpClk   
000008a1  SysCtlPeripheralEnable
000008d5  _c_int00_noinit_noargs
00000905  GPIODirModeSet        
00000931  UARTDisable           
00000951  UARTEnable            
00000965  GPIOPinTypeUART       
00000977  UARTCharsAvail        
00000985  ResetISR              
00000991  UARTCharGet           
0000099b  UARTCharPut           
000009a5  UARTIntEnable         
000009ad  SysCtlDelay           
000009b3  UARTFIFOLevelSet      
000009b9  UARTIntClear          
000009bd  _system_pre_init      
000009c1  C$$EXIT               
000009c1  abort                 
20000000  __stack               
20000200  __STACK_END           
20000200  __STACK_TOP           
ffffffff  __TI_pprof_out_hndl   
ffffffff  __TI_prof_data_size   
ffffffff  __TI_prof_data_start  
ffffffff  __binit__             
ffffffff  __c_args__            
ffffffff  binit                 
UNDEFED   __mpu_init            

[38 symbols]
